
Sailaja Manchiraju@DESKTOP-A0EDD7R MINGW64 ~
$ cd e:

Sailaja Manchiraju@DESKTOP-A0EDD7R MINGW64 /e
$ cd Git/

Sailaja Manchiraju@DESKTOP-A0EDD7R MINGW64 /e/Git
$ ls -al
total 16
drwxr-xr-x 1 Sailaja Manchiraju 197121 0 Apr  3 12:16 ./
drwxr-xr-x 1 Sailaja Manchiraju 197121 0 Apr  3 10:54 ../

Sailaja Manchiraju@DESKTOP-A0EDD7R MINGW64 /e/Git
$ git init GitDemo
Initialized empty Git repository in E:/Git/GitDemo/.git/

Sailaja Manchiraju@DESKTOP-A0EDD7R MINGW64 /e/Git
$ cd GitDemo/

Sailaja Manchiraju@DESKTOP-A0EDD7R MINGW64 /e/Git/GitDemo (master)
$ git init
Reinitialized existing Git repository in E:/Git/GitDemo/.git/

Sailaja Manchiraju@DESKTOP-A0EDD7R MINGW64 /e/Git/GitDemo (master)
$ echo "Welcome Priyanka" >> welcome.txt

Sailaja Manchiraju@DESKTOP-A0EDD7R MINGW64 /e/Git/GitDemo (master)
$ ls -al
total 5
drwxr-xr-x 1 Sailaja Manchiraju 197121  0 Apr  3 12:27 ./
drwxr-xr-x 1 Sailaja Manchiraju 197121  0 Apr  3 12:17 ../
drwxr-xr-x 1 Sailaja Manchiraju 197121  0 Apr  3 12:19 .git/
-rw-r--r-- 1 Sailaja Manchiraju 197121 17 Apr  3 12:27 welcome.txt

Sailaja Manchiraju@DESKTOP-A0EDD7R MINGW64 /e/Git/GitDemo (master)
$ cat welcome.txt
Welcome Priyanka

Sailaja Manchiraju@DESKTOP-A0EDD7R MINGW64 /e/Git/GitDemo (master)
$ git add welcome.txt
warning: LF will be replaced by CRLF in welcome.txt.
The file will have its original line endings in your working directory

Sailaja Manchiraju@DESKTOP-A0EDD7R MINGW64 /e/Git/GitDemo (master)
$ git commit
[master (root-commit) 9a3c67c] Priyanka Kabali
 1 file changed, 1 insertion(+)
 create mode 100644 welcome.txt

Sailaja Manchiraju@DESKTOP-A0EDD7R MINGW64 /e/Git/GitDemo (master)
$ git status
On branch master
nothing to commit, working tree clean

Sailaja Manchiraju@DESKTOP-A0EDD7R MINGW64 /e/Git/GitDemo (master)
$ git commit -m "first commit"
On branch master
nothing to commit, working tree clean

Sailaja Manchiraju@DESKTOP-A0EDD7R MINGW64 /e/Git/GitDemo (master)
$ git remote add origin https://github.com/SaiPriyankaMalladi/LearnTodayWebAPI.git

Sailaja Manchiraju@DESKTOP-A0EDD7R MINGW64 /e/Git/GitDemo (master)
$ git push -u origin master
Enumerating objects: 3, done.
Counting objects: 100% (3/3), done.
Writing objects: 100% (3/3), 245 bytes | 5.00 KiB/s, done.
Total 3 (delta 0), reused 0 (delta 0), pack-reused 0
To https://github.com/SaiPriyankaMalladi/LearnTodayWebAPI.git
 * [new branch]      master -> master
Branch 'master' set up to track remote branch 'master' from 'origin'.

Sailaja Manchiraju@DESKTOP-A0EDD7R MINGW64 /e/Git/GitDemo (master)
$ cd e:

Sailaja Manchiraju@DESKTOP-A0EDD7R MINGW64 /e
$ cd GitDemo/
bash: cd: GitDemo/: No such file or directory

Sailaja Manchiraju@DESKTOP-A0EDD7R MINGW64 /e
$ cd Git/

Sailaja Manchiraju@DESKTOP-A0EDD7R MINGW64 /e/Git
$ git status
fatal: not a git repository (or any of the parent directories): .git

Sailaja Manchiraju@DESKTOP-A0EDD7R MINGW64 /e/Git
$ cd Git/
bash: cd: Git/: No such file or directory

Sailaja Manchiraju@DESKTOP-A0EDD7R MINGW64 /e/Git
$ cd e:

Sailaja Manchiraju@DESKTOP-A0EDD7R MINGW64 /e
$ cd Git/

Sailaja Manchiraju@DESKTOP-A0EDD7R MINGW64 /e/Git
$ cd GitDemo/

Sailaja Manchiraju@DESKTOP-A0EDD7R MINGW64 /e/Git/GitDemo (master)
$ ls -al
total 6
drwxr-xr-x 1 Sailaja Manchiraju 197121   0 Apr  3 16:13 ./
drwxr-xr-x 1 Sailaja Manchiraju 197121   0 Apr  3 12:17 ../
drwxr-xr-x 1 Sailaja Manchiraju 197121   0 Apr  3 12:41 .git/
-rw-r--r-- 1 Sailaja Manchiraju 197121 348 Apr  3 16:12 mydemo.log
-rw-r--r-- 1 Sailaja Manchiraju 197121  17 Apr  3 12:27 welcome.txt

Sailaja Manchiraju@DESKTOP-A0EDD7R MINGW64 /e/Git/GitDemo (master)
$ notepad++ ,gitignore

Sailaja Manchiraju@DESKTOP-A0EDD7R MINGW64 /e/Git/GitDemo (master)
$ git status
On branch master
Your branch is up to date with 'origin/master'.

Untracked files:
  (use "git add <file>..." to include in what will be committed)
        ,gitignore
        mydemo.log

nothing added to commit but untracked files present (use "git add" to track)

Sailaja Manchiraju@DESKTOP-A0EDD7R MINGW64 /e/Git/GitDemo (master)
$ ^C

Sailaja Manchiraju@DESKTOP-A0EDD7R MINGW64 /e/Git/GitDemo (master)
$ cd e:

Sailaja Manchiraju@DESKTOP-A0EDD7R MINGW64 /e
$ cd Git/

Sailaja Manchiraju@DESKTOP-A0EDD7R MINGW64 /e/Git
$ cd GitDemo/

Sailaja Manchiraju@DESKTOP-A0EDD7R MINGW64 /e/Git/GitDemo (master)
$ ls -al
total 7
-rw-r--r-- 1 Sailaja Manchiraju 197121   6 Apr  3 16:18 ,gitignore
drwxr-xr-x 1 Sailaja Manchiraju 197121   0 Apr  3 16:17 ./
drwxr-xr-x 1 Sailaja Manchiraju 197121   0 Apr  3 12:17 ../
drwxr-xr-x 1 Sailaja Manchiraju 197121   0 Apr  3 16:18 .git/
-rw-r--r-- 1 Sailaja Manchiraju 197121 348 Apr  3 16:12 mydemo.log
-rw-r--r-- 1 Sailaja Manchiraju 197121  17 Apr  3 12:27 welcome.txt

Sailaja Manchiraju@DESKTOP-A0EDD7R MINGW64 /e/Git/GitDemo (master)
$ notepad++ .gitignore

Sailaja Manchiraju@DESKTOP-A0EDD7R MINGW64 /e/Git/GitDemo (master)
$ git status
On branch master
Your branch is up to date with 'origin/master'.

Untracked files:
  (use "git add <file>..." to include in what will be committed)
        ,gitignore
        .gitignore
        mydemo.log

nothing added to commit but untracked files present (use "git add" to track)

Sailaja Manchiraju@DESKTOP-A0EDD7R MINGW64 /e/Git/GitDemo (master)
$ git remote add origin https://github.com/SaiPriyankaMalladi/LearnTodayWebAPI.git
error: remote origin already exists.

Sailaja Manchiraju@DESKTOP-A0EDD7R MINGW64 /e/Git/GitDemo (master)
$ git push origin master
Everything up-to-date

Updated

Sailaja Manchiraju@DESKTOP-A0EDD7R MINGW64 ~
$ git config --global user.username "SaiPriyankaMalladi"

Sailaja Manchiraju@DESKTOP-A0EDD7R MINGW64 ~
$ git config --global user.email "saipriyanka.malladi.sp@gmail.com"

Sailaja Manchiraju@DESKTOP-A0EDD7R MINGW64 ~
$ git config --global --list
user.username=SaiPriyankaMalladi
user.email=saipriyanka.malladi.sp@gmail.com
core.editor=notepad++.exe -multiInst -nosession
http.sslverify=false

Sailaja Manchiraju@DESKTOP-A0EDD7R MINGW64 ~
$ notepad++

Sailaja Manchiraju@DESKTOP-A0EDD7R MINGW64 ~
$ notepad++.exe bash -profile

Sailaja Manchiraju@DESKTOP-A0EDD7R MINGW64 ~
$ git config --global core.editor "notepad++.exe -multiInst -nosession"

Sailaja Manchiraju@DESKTOP-A0EDD7R MINGW64 ~
$ git config --global -e

Sailaja Manchiraju@DESKTOP-A0EDD7R MINGW64 ~
$ cd e:

Sailaja Manchiraju@DESKTOP-A0EDD7R MINGW64 /e
$ cd Git/

Sailaja Manchiraju@DESKTOP-A0EDD7R MINGW64 /e/Git
$ cd GitDemo/

Sailaja Manchiraju@DESKTOP-A0EDD7R MINGW64 /e/Git/GitDemo (master)
$ ls -al
total 15
drwxr-xr-x 1 Sailaja Manchiraju 197121    0 Apr  3 18:12  ./
drwxr-xr-x 1 Sailaja Manchiraju 197121    0 Apr  3 12:17  ../
drwxr-xr-x 1 Sailaja Manchiraju 197121    0 Apr  3 18:34  .git/
-rw-r--r-- 1 Sailaja Manchiraju 197121    7 Apr  3 16:55  .gitignore
-rw-r--r-- 1 Sailaja Manchiraju 197121 5623 Apr  3 17:08 'Git lines.txt'
-rw-r--r-- 1 Sailaja Manchiraju 197121  348 Apr  3 16:12  mydemo.log
-rw-r--r-- 1 Sailaja Manchiraju 197121   17 Apr  3 12:27  welcome.txt

Sailaja Manchiraju@DESKTOP-A0EDD7R MINGW64 /e/Git/GitDemo (master)
$ git init GitDemo
Initialized empty Git repository in E:/Git/GitDemo/GitDemo/.git/

Sailaja Manchiraju@DESKTOP-A0EDD7R MINGW64 /e/Git/GitDemo (master)
$ git commit -m "Firstcommit"
On branch master
Your branch is up to date with 'origin/master'.

Untracked files:
  (use "git add <file>..." to include in what will be committed)
        .gitignore
        Git lines.txt
        GitDemo/
        mydemo.log

nothing added to commit but untracked files present (use "git add" to track)

Sailaja Manchiraju@DESKTOP-A0EDD7R MINGW64 /e/Git/GitDemo (master)
$ git remote add origin https://github.com/SaiPriyankaMalladi/GitDemo.git
error: remote origin already exists.

Sailaja Manchiraju@DESKTOP-A0EDD7R MINGW64 /e/Git/GitDemo (master)
$ git push origin master
Everything up-to-date

Sailaja Manchiraju@DESKTOP-A0EDD7R MINGW64 /e/Git/GitDemo (master)
$ git remote add origin https://github.com/SaiPriyankaMalladi/GitDemo.git
error: remote origin already exists.

Sailaja Manchiraju@DESKTOP-A0EDD7R MINGW64 /e/Git/GitDemo (master)
$ git push origin master
Everything up-to-date

Sailaja Manchiraju@DESKTOP-A0EDD7R MINGW64 /e/Git/GitDemo (master)
$ git remote add origin https://github.com/SaiPriyankaMalladi/GitDemo.git
error: remote origin already exists.

Sailaja Manchiraju@DESKTOP-A0EDD7R MINGW64 /e/Git/GitDemo (master)
$ git push origin master
Everything up-to-date

Sailaja Manchiraju@DESKTOP-A0EDD7R MINGW64 /e/Git/GitDemo (master)
$ git commit -m "Priyanka"
On branch master
Your branch is up to date with 'origin/master'.

Untracked files:
  (use "git add <file>..." to include in what will be committed)
        .gitignore
        Git lines.txt
        mydemo.log

nothing added to commit but untracked files present (use "git add" to track)

Sailaja Manchiraju@DESKTOP-A0EDD7R MINGW64 /e/Git/GitDemo (master)
$ git remote add origin https://github.com/SaiPriyankaMalladi/Handson.git
error: remote origin already exists.

Sailaja Manchiraju@DESKTOP-A0EDD7R MINGW64 /e/Git/GitDemo (master)
$ git push origin master
Everything up-to-date

Sailaja Manchiraju@DESKTOP-A0EDD7R MINGW64 /e/Git/GitDemo (master)
$ git pull --rebase origin master
From https://github.com/SaiPriyankaMalladi/LearnTodayWebAPI
 * branch            master     -> FETCH_HEAD
Already up to date.

Sailaja Manchiraju@DESKTOP-A0EDD7R MINGW64 /e/Git/GitDemo (master)
$ git fetch .
From .
 * branch            HEAD       -> FETCH_HEAD

Sailaja Manchiraju@DESKTOP-A0EDD7R MINGW64 /e/Git/GitDemo (master)
$ git add .

Sailaja Manchiraju@DESKTOP-A0EDD7R MINGW64 /e/Git/GitDemo (master)
$ git remote add origin https://github.com/SaiPriyankaMalladi/Handson.git
error: remote origin already exists.

Sailaja Manchiraju@DESKTOP-A0EDD7R MINGW64 /e/Git/GitDemo (master)
$ git pull --rebase origin master
error: cannot pull with rebase: Your index contains uncommitted changes.
error: please commit or stash them.

Sailaja Manchiraju@DESKTOP-A0EDD7R MINGW64 /e/Git/GitDemo (master)
$ git commit -m "Priyanka"
[master 1a13dcd] Priyanka
 3 files changed, 196 insertions(+)
 create mode 100644 .gitignore
 create mode 100644 Git lines.txt
 create mode 100644 mydemo.log

Sailaja Manchiraju@DESKTOP-A0EDD7R MINGW64 /e/Git/GitDemo (master)
$ git remote add origin https://github.com/SaiPriyankaMalladi/Handson.git
error: remote origin already exists.

Sailaja Manchiraju@DESKTOP-A0EDD7R MINGW64 /e/Git/GitDemo (master)
$ git push origin master
Enumerating objects: 6, done.
Counting objects: 100% (6/6), done.
Delta compression using up to 4 threads
Compressing objects: 100% (4/4), done.
Writing objects: 100% (5/5), 1.55 KiB | 198.00 KiB/s, done.
Total 5 (delta 0), reused 0 (delta 0), pack-reused 0
To https://github.com/SaiPriyankaMalladi/LearnTodayWebAPI.git
   9a3c67c..1a13dcd  master -> master

Sailaja Manchiraju@DESKTOP-A0EDD7R MINGW64 /e/Git/GitDemo (master)
$ notepad++ .gitignore

Sailaja Manchiraju@DESKTOP-A0EDD7R MINGW64 /e/Git/GitDemo (master)
$ git status
On branch master
Your branch is up to date with 'origin/master'.

nothing to commit, working tree clean

Sailaja Manchiraju@DESKTOP-A0EDD7R MINGW64 /e/Git/GitDemo (master)
$ git branch Kabali

Sailaja Manchiraju@DESKTOP-A0EDD7R MINGW64 /e/Git/GitDemo (master)
$ git checkout Kabali
Switched to branch 'Kabali'

Sailaja Manchiraju@DESKTOP-A0EDD7R MINGW64 /e/Git/GitDemo (Kabali)
$ git push origin Kabali
Total 0 (delta 0), reused 0 (delta 0), pack-reused 0
remote:
remote: Create a pull request for 'Kabali' on GitHub by visiting:
remote:      https://github.com/SaiPriyankaMalladi/LearnTodayWebAPI/pull/new/Kabali
remote:
To https://github.com/SaiPriyankaMalladi/LearnTodayWebAPI.git
 * [new branch]      Kabali -> Kabali

Sailaja Manchiraju@DESKTOP-A0EDD7R MINGW64 /e/Git/GitDemo (Kabali)
$ git checkout master
Switched to branch 'master'
Your branch is up to date with 'origin/master'.

Sailaja Manchiraju@DESKTOP-A0EDD7R MINGW64 /e/Git/GitDemo (master)
$ git remote add origin https://github.com/SaiPriyankaMalladi/Handson.git
error: remote origin already exists.

Sailaja Manchiraju@DESKTOP-A0EDD7R MINGW64 /e/Git/GitDemo (master)
$ add .
bash: add: command not found

Sailaja Manchiraju@DESKTOP-A0EDD7R MINGW64 /e/Git/GitDemo (master)
$ git add .

Sailaja Manchiraju@DESKTOP-A0EDD7R MINGW64 /e/Git/GitDemo (master)
$ notepad++ .gitignore

Sailaja Manchiraju@DESKTOP-A0EDD7R MINGW64 /e/Git/GitDemo (master)
$ git status
On branch master
Your branch is up to date with 'origin/master'.

nothing to commit, working tree clean

Sailaja Manchiraju@DESKTOP-A0EDD7R MINGW64 /e/Git/GitDemo (master)
$ ls -al
total 15
drwxr-xr-x 1 Sailaja Manchiraju 197121    0 Apr  3 18:45  ./
drwxr-xr-x 1 Sailaja Manchiraju 197121    0 Apr  3 12:17  ../
drwxr-xr-x 1 Sailaja Manchiraju 197121    0 Apr  3 19:01  .git/
-rw-r--r-- 1 Sailaja Manchiraju 197121    7 Apr  3 18:53  .gitignore
-rw-r--r-- 1 Sailaja Manchiraju 197121 5623 Apr  3 17:08 'Git lines.txt'
-rw-r--r-- 1 Sailaja Manchiraju 197121  348 Apr  3 16:12  mydemo.log
-rw-r--r-- 1 Sailaja Manchiraju 197121   17 Apr  3 12:27  welcome.txt

Sailaja Manchiraju@DESKTOP-A0EDD7R MINGW64 /e/Git/GitDemo (master)
$ git init
Reinitialized existing Git repository in E:/Git/GitDemo/.git/

Sailaja Manchiraju@DESKTOP-A0EDD7R MINGW64 /e/Git/GitDemo (master)
$ git commit
On branch master
Your branch is up to date with 'origin/master'.

nothing to commit, working tree clean

Sailaja Manchiraju@DESKTOP-A0EDD7R MINGW64 /e/Git/GitDemo (master)
$ git commit -m "kabali"
On branch master
Your branch is up to date with 'origin/master'.

nothing to commit, working tree clean

Sailaja Manchiraju@DESKTOP-A0EDD7R MINGW64 /e/Git/GitDemo (master)
$ git add .

Sailaja Manchiraju@DESKTOP-A0EDD7R MINGW64 /e/Git/GitDemo (master)
$ git remote add origin https://github.com/SaiPriyankaMalladi/Handson.git
error: remote origin already exists.

Sailaja Manchiraju@DESKTOP-A0EDD7R MINGW64 /e/Git/GitDemo (master)
$ git push origin master
Everything up-to-date

Sailaja Manchiraju@DESKTOP-A0EDD7R MINGW64 /e/Git/GitDemo (master)
$ git pull --rebase origin master
From https://github.com/SaiPriyankaMalladi/LearnTodayWebAPI
 * branch            master     -> FETCH_HEAD
Already up to date.

Sailaja Manchiraju@DESKTOP-A0EDD7R MINGW64 /e/Git/GitDemo (master)
$ git checkout Kabali
Switched to branch 'Kabali'

Sailaja Manchiraju@DESKTOP-A0EDD7R MINGW64 /e/Git/GitDemo (Kabali)
$ git -u origin Kabali
unknown option: -u
usage: git [--version] [--help] [-C <path>] [-c <name>=<value>]
           [--exec-path[=<path>]] [--html-path] [--man-path] [--info-path]
           [-p | --paginate | -P | --no-pager] [--no-replace-objects] [--bare]
           [--git-dir=<path>] [--work-tree=<path>] [--namespace=<name>]
           [--super-prefix=<path>] [--config-env=<name>=<envvar>]
           <command> [<args>]

Sailaja Manchiraju@DESKTOP-A0EDD7R MINGW64 /e/Git/GitDemo (Kabali)
$


